2025-06-13 13:33:57,188 - IntraScanAdmin - INFO - Sistema de logging configurado.
2025-06-13 13:33:59,017 - IntraScanAdmin - INFO - Inventario cargado desde 'hosts.json'.
2025-06-13 13:33:59,017 - IntraScanAdmin - INFO - Inventario cargado al inicio: 1 hosts.
2025-06-13 13:33:59,017 - IntraScanAdmin - INFO - GUI: Desplegable de hosts remotos actualizado.
2025-06-13 13:33:59,022 - IntraScanAdmin - INFO - Interfaz Gráfica de IntraScan & Admin iniciada.
2025-06-13 13:34:01,406 - IntraScanAdmin - INFO - GUI: Inventario actualizado en la visualización.
2025-06-13 13:34:09,860 - IntraScanAdmin - INFO - GUI: Se mostró la ayuda de gestión de inventario.
2025-06-13 13:34:17,727 - IntraScanAdmin - INFO - GUI: Desplegable de hosts remotos actualizado.
2025-06-13 13:34:23,857 - IntraScanAdmin - INFO - GUI: MAC D4-61-37-0A-15-9C precargada para host 138.100.110.67.
2025-06-13 13:34:23,857 - IntraScanAdmin - INFO - GUI: MAC D4-61-37-0A-15-9C precargada para host 138.100.110.67.
2025-06-13 13:35:48,063 - IntraScanAdmin - INFO - GUI: Solicitando información remota para 138.100.110.67.
2025-06-13 13:35:48,063 - IntraScanAdmin - INFO - Recopilación remota: Conectando a 138.100.110.67 como daniel para obtener información...
2025-06-13 13:35:48,063 - pypsrp.powershell - INFO - Initialising PowerShell in remote Runspace Pool
2025-06-13 13:35:48,063 - IntraScanAdmin - ERROR - Error inesperado al obtener información remota de 138.100.110.67: 'WSMan' object has no attribute 'pipelines'
Traceback (most recent call last):
  File "c:\Users\Daniel\IntraScanAdmin\remote_control.py", line 143, in get_remote_host_info
    with PowerShell(wsman) as ps:
         ^^^^^^^^^^^^^^^^^
  File "C:\Users\Daniel\IntraScanAdmin\IntraScanAdmin\Lib\site-packages\pypsrp\powershell.py", line 910, in __init__
    runspace_pool.pipelines[self.id] = self
    ^^^^^^^^^^^^^^^^^^^^^^^
AttributeError: 'WSMan' object has no attribute 'pipelines'
2025-06-13 13:35:48,081 - IntraScanAdmin - ERROR - GUI: Error inesperado al obtener información remota de 138.100.110.67: 'WSMan' object has no attribute 'pipelines'
Traceback (most recent call last):
  File "c:\Users\Daniel\IntraScanAdmin\gui_app.py", line 536, in _perform_remote_info_gathering
    retrieved_data = remote_control.get_remote_host_info(target, username, password)
                     ^^^^^^^^^^^^^^^^^^^^^^^^^^^^^^^^^^^^^^^^^^^^^^^^^^^^^^^^^^^^^^^
  File "c:\Users\Daniel\IntraScanAdmin\remote_control.py", line 143, in get_remote_host_info
    with PowerShell(wsman) as ps:
         ^^^^^^^^^^^^^^^^^
  File "C:\Users\Daniel\IntraScanAdmin\IntraScanAdmin\Lib\site-packages\pypsrp\powershell.py", line 910, in __init__
    runspace_pool.pipelines[self.id] = self
    ^^^^^^^^^^^^^^^^^^^^^^^
AttributeError: 'WSMan' object has no attribute 'pipelines'
2025-06-13 13:40:05,539 - IntraScanAdmin - INFO - Sistema de logging configurado.
2025-06-13 13:40:05,946 - IntraScanAdmin - INFO - Inventario cargado desde 'hosts.json'.
2025-06-13 13:40:05,946 - IntraScanAdmin - INFO - Inventario cargado al inicio: 1 hosts.
2025-06-13 13:40:05,946 - IntraScanAdmin - INFO - GUI: Desplegable de hosts remotos actualizado.
2025-06-13 13:40:05,957 - IntraScanAdmin - INFO - Interfaz Gráfica de IntraScan & Admin iniciada.
2025-06-13 13:40:08,361 - IntraScanAdmin - INFO - GUI: Inventario actualizado en la visualización.
2025-06-13 13:40:09,497 - IntraScanAdmin - INFO - GUI: Desplegable de hosts remotos actualizado.
2025-06-13 13:44:59,218 - IntraScanAdmin - INFO - Sistema de logging configurado.
2025-06-13 13:44:59,606 - IntraScanAdmin - INFO - Inventario cargado desde 'hosts.json'.
2025-06-13 13:44:59,606 - IntraScanAdmin - INFO - Inventario cargado al inicio: 1 hosts.
2025-06-13 13:44:59,606 - IntraScanAdmin - INFO - GUI: Desplegable de hosts remotos actualizado.
2025-06-13 13:44:59,622 - IntraScanAdmin - INFO - Interfaz Gráfica de IntraScan & Admin iniciada.
2025-06-13 13:45:02,106 - IntraScanAdmin - INFO - GUI: Desplegable de hosts remotos actualizado.
2025-06-13 13:49:18,267 - IntraScanAdmin - INFO - Sistema de logging configurado.
2025-06-13 13:49:22,804 - IntraScanAdmin - INFO - Sistema de logging configurado.
2025-06-13 13:49:53,129 - IntraScanAdmin - INFO - Sistema de logging configurado.
2025-06-13 13:49:53,502 - IntraScanAdmin - INFO - Inventario cargado desde 'hosts.json'.
2025-06-13 13:49:53,502 - IntraScanAdmin - INFO - Inventario cargado al inicio: 1 hosts.
2025-06-13 13:49:53,502 - IntraScanAdmin - INFO - GUI: Desplegable de hosts remotos actualizado.
2025-06-13 13:49:53,510 - IntraScanAdmin - INFO - Interfaz Gráfica de IntraScan & Admin iniciada.
2025-06-13 13:49:55,812 - IntraScanAdmin - INFO - GUI: Inventario actualizado en la visualización.
2025-06-13 13:49:57,458 - IntraScanAdmin - INFO - GUI: Desplegable de hosts remotos actualizado.
2025-06-13 13:50:09,487 - IntraScanAdmin - INFO - Sistema de logging configurado.
2025-06-13 13:52:42,627 - IntraScanAdmin - INFO - Sistema de logging configurado.
2025-06-13 13:52:43,975 - IntraScanAdmin - INFO - Inventario cargado desde 'hosts.json'.
2025-06-13 13:52:43,975 - IntraScanAdmin - INFO - Inventario cargado al inicio: 1 hosts.
2025-06-13 13:52:43,975 - IntraScanAdmin - INFO - GUI: Desplegable de hosts remotos actualizado.
2025-06-13 13:52:43,991 - IntraScanAdmin - INFO - Interfaz Gráfica de IntraScan & Admin iniciada.
2025-06-13 13:52:46,752 - IntraScanAdmin - INFO - GUI: Inventario actualizado en la visualización.
2025-06-13 13:52:47,579 - IntraScanAdmin - INFO - GUI: Desplegable de hosts remotos actualizado.
2025-06-13 13:57:57,897 - IntraScanAdmin - INFO - GUI: Inventario actualizado en la visualización.
2025-06-13 13:58:06,162 - IntraScanAdmin - INFO - GUI: Desplegable de hosts remotos actualizado.
2025-06-13 13:58:10,405 - IntraScanAdmin - INFO - GUI: Desplegable de hosts remotos actualizado.
2025-06-13 13:58:14,307 - IntraScanAdmin - INFO - GUI: Inventario actualizado en la visualización.
2025-06-13 13:59:10,313 - IntraScanAdmin - INFO - GUI: Desplegable de hosts remotos actualizado.
2025-06-13 13:59:17,155 - IntraScanAdmin - INFO - GUI: MAC D4-61-37-0A-15-9C precargada para host 138.100.110.67.
2025-06-13 13:59:17,155 - IntraScanAdmin - INFO - GUI: MAC D4-61-37-0A-15-9C precargada para host 138.100.110.67.
2025-06-13 13:59:17,155 - IntraScanAdmin - INFO - GUI: MAC D4-61-37-0A-15-9C precargada para host 138.100.110.67.
2025-06-13 13:59:17,155 - IntraScanAdmin - INFO - GUI: MAC D4-61-37-0A-15-9C precargada para host 138.100.110.67.
2025-06-13 13:59:17,155 - IntraScanAdmin - INFO - GUI: MAC D4-61-37-0A-15-9C precargada para host 138.100.110.67.
2025-06-13 13:59:28,216 - IntraScanAdmin - INFO - GUI: Inventario actualizado en la visualización.
2025-06-13 13:59:34,224 - IntraScanAdmin - INFO - GUI: Desplegable de hosts remotos actualizado.
2025-06-13 13:59:36,688 - IntraScanAdmin - INFO - GUI: Inventario actualizado en la visualización.
2025-06-13 13:59:43,888 - IntraScanAdmin - INFO - GUI: Desplegable de hosts remotos actualizado.
2025-06-13 14:00:03,039 - IntraScanAdmin - INFO - GUI: MAC D4-61-37-0A-15-9C precargada para host 138.100.110.67.
2025-06-13 14:00:03,039 - IntraScanAdmin - INFO - GUI: MAC D4-61-37-0A-15-9C precargada para host 138.100.110.67.
2025-06-13 14:00:03,039 - IntraScanAdmin - INFO - GUI: MAC D4-61-37-0A-15-9C precargada para host 138.100.110.67.
2025-06-13 14:00:03,039 - IntraScanAdmin - INFO - GUI: MAC D4-61-37-0A-15-9C precargada para host 138.100.110.67.
2025-06-13 14:00:03,039 - IntraScanAdmin - INFO - GUI: MAC D4-61-37-0A-15-9C precargada para host 138.100.110.67.
2025-06-13 14:00:03,039 - IntraScanAdmin - INFO - GUI: MAC D4-61-37-0A-15-9C precargada para host 138.100.110.67.
2025-06-13 14:00:03,039 - IntraScanAdmin - INFO - GUI: MAC D4-61-37-0A-15-9C precargada para host 138.100.110.67.
2025-06-13 14:00:08,113 - IntraScanAdmin - INFO - GUI: Inventario actualizado en la visualización.
2025-06-13 14:00:12,134 - IntraScanAdmin - INFO - GUI: Desplegable de hosts remotos actualizado.
2025-06-13 14:00:16,409 - IntraScanAdmin - INFO - GUI: Inventario actualizado en la visualización.
2025-06-13 14:00:58,509 - IntraScanAdmin - INFO - GUI: Desplegable de hosts remotos actualizado.
2025-06-13 14:02:31,184 - IntraScanAdmin - INFO - GUI: Desplegable de hosts remotos actualizado.
2025-06-13 14:02:33,547 - IntraScanAdmin - INFO - GUI: Inventario actualizado en la visualización.
2025-06-13 14:02:40,196 - IntraScanAdmin - INFO - GUI: Desplegable de hosts remotos actualizado.
2025-06-13 14:02:48,315 - IntraScanAdmin - INFO - GUI: MAC D4-61-37-0A-15-9C precargada para host 138.100.110.67.
2025-06-13 14:02:48,315 - IntraScanAdmin - INFO - GUI: MAC D4-61-37-0A-15-9C precargada para host 138.100.110.67.
2025-06-13 14:02:48,315 - IntraScanAdmin - INFO - GUI: MAC D4-61-37-0A-15-9C precargada para host 138.100.110.67.
2025-06-13 14:02:48,315 - IntraScanAdmin - INFO - GUI: MAC D4-61-37-0A-15-9C precargada para host 138.100.110.67.
2025-06-13 14:02:48,315 - IntraScanAdmin - INFO - GUI: MAC D4-61-37-0A-15-9C precargada para host 138.100.110.67.
2025-06-13 14:02:48,315 - IntraScanAdmin - INFO - GUI: MAC D4-61-37-0A-15-9C precargada para host 138.100.110.67.
2025-06-13 14:02:48,315 - IntraScanAdmin - INFO - GUI: MAC D4-61-37-0A-15-9C precargada para host 138.100.110.67.
2025-06-13 14:02:48,315 - IntraScanAdmin - INFO - GUI: MAC D4-61-37-0A-15-9C precargada para host 138.100.110.67.
2025-06-13 14:02:48,315 - IntraScanAdmin - INFO - GUI: MAC D4-61-37-0A-15-9C precargada para host 138.100.110.67.
2025-06-13 14:02:48,315 - IntraScanAdmin - INFO - GUI: MAC D4-61-37-0A-15-9C precargada para host 138.100.110.67.
2025-06-13 14:02:48,315 - IntraScanAdmin - INFO - GUI: MAC D4-61-37-0A-15-9C precargada para host 138.100.110.67.
2025-06-13 14:03:45,402 - IntraScanAdmin - INFO - Sistema de logging configurado.
2025-06-13 14:03:45,768 - IntraScanAdmin - INFO - Inventario cargado desde 'hosts.json'.
2025-06-13 14:03:45,768 - IntraScanAdmin - INFO - Inventario cargado al inicio: 1 hosts.
2025-06-13 14:03:45,768 - IntraScanAdmin - INFO - GUI: Desplegable de hosts remotos actualizado.
2025-06-13 14:03:45,768 - IntraScanAdmin - INFO - Interfaz Gráfica de IntraScan & Admin iniciada.
2025-06-13 14:03:48,216 - IntraScanAdmin - INFO - GUI: Desplegable de hosts remotos actualizado.
2025-06-13 14:05:17,068 - IntraScanAdmin - INFO - Sistema de logging configurado.
2025-06-13 14:05:17,448 - IntraScanAdmin - INFO - Inventario cargado desde 'hosts.json'.
2025-06-13 14:05:17,448 - IntraScanAdmin - INFO - Inventario cargado al inicio: 1 hosts.
2025-06-13 14:05:17,448 - IntraScanAdmin - INFO - GUI: Desplegable de hosts remotos actualizado.
2025-06-13 14:05:17,448 - IntraScanAdmin - INFO - Interfaz Gráfica de IntraScan & Admin iniciada.
2025-06-13 14:05:19,383 - IntraScanAdmin - INFO - GUI: Desplegable de hosts remotos actualizado.
2025-06-13 14:08:26,794 - IntraScanAdmin - INFO - Sistema de logging configurado.
2025-06-13 14:08:27,158 - IntraScanAdmin - INFO - Inventario cargado desde 'hosts.json'.
2025-06-13 14:08:27,158 - IntraScanAdmin - INFO - Inventario cargado al inicio: 1 hosts.
2025-06-13 14:08:27,158 - IntraScanAdmin - INFO - GUI: Desplegable de hosts remotos actualizado.
2025-06-13 14:08:27,158 - IntraScanAdmin - INFO - Interfaz Gráfica de IntraScan & Admin iniciada.
2025-06-13 14:08:34,234 - IntraScanAdmin - INFO - GUI: Desplegable de hosts remotos actualizado.
2025-06-13 14:08:37,136 - IntraScanAdmin - INFO - GUI: Inventario actualizado en la visualización.
2025-06-13 14:08:48,871 - IntraScanAdmin - INFO - GUI: Se mostró la ayuda de gestión de inventario.
2025-06-13 14:08:50,086 - IntraScanAdmin - INFO - GUI: Desplegable de hosts remotos actualizado.
2025-06-13 14:08:53,666 - IntraScanAdmin - INFO - GUI: Inventario actualizado en la visualización.
2025-06-13 14:08:54,410 - IntraScanAdmin - INFO - GUI: Desplegable de hosts remotos actualizado.
2025-06-13 14:08:59,733 - IntraScanAdmin - INFO - GUI: Inventario actualizado en la visualización.
2025-06-13 14:09:08,639 - IntraScanAdmin - INFO - GUI: Desplegable de hosts remotos actualizado.
2025-06-13 14:09:13,973 - IntraScanAdmin - INFO - GUI: MAC D4-61-37-0A-15-9C precargada para host 138.100.110.67.
2025-06-13 14:09:13,973 - IntraScanAdmin - INFO - GUI: MAC D4-61-37-0A-15-9C precargada para host 138.100.110.67.
2025-06-13 14:09:13,981 - IntraScanAdmin - INFO - GUI: MAC D4-61-37-0A-15-9C precargada para host 138.100.110.67.
2025-06-13 14:09:13,981 - IntraScanAdmin - INFO - GUI: MAC D4-61-37-0A-15-9C precargada para host 138.100.110.67.
2025-06-13 14:09:13,981 - IntraScanAdmin - INFO - GUI: MAC D4-61-37-0A-15-9C precargada para host 138.100.110.67.
2025-06-13 14:09:37,263 - IntraScanAdmin - INFO - GUI: Inventario actualizado en la visualización.
2025-06-13 14:10:40,011 - IntraScanAdmin - INFO - GUI: Desplegable de hosts remotos actualizado.
2025-06-13 14:10:47,314 - IntraScanAdmin - INFO - GUI: Inventario actualizado en la visualización.
2025-06-13 14:10:49,793 - IntraScanAdmin - INFO - GUI: Desplegable de hosts remotos actualizado.
2025-06-13 14:11:41,271 - IntraScanAdmin - INFO - GUI: Inventario actualizado en la visualización.
2025-06-13 14:12:07,121 - IntraScanAdmin - INFO - GUI: Desplegable de hosts remotos actualizado.
2025-06-13 14:42:38,869 - IntraScanAdmin - INFO - Sistema de logging configurado.
2025-06-13 14:42:39,223 - IntraScanAdmin - INFO - Inventario cargado desde 'hosts.json'.
2025-06-13 14:42:39,223 - IntraScanAdmin - INFO - Inventario cargado al inicio: 1 hosts.
2025-06-13 14:42:39,238 - IntraScanAdmin - INFO - GUI: Desplegable de hosts remotos actualizado.
2025-06-13 14:42:39,238 - IntraScanAdmin - INFO - Interfaz Gráfica de IntraScan & Admin iniciada.
2025-06-13 14:42:41,916 - IntraScanAdmin - INFO - GUI: Inventario actualizado en la visualización.
2025-06-13 14:43:01,130 - IntraScanAdmin - INFO - GUI: Inventario exportado exitosamente a C:/Users/Daniel/OneDrive - Universidad Politécnica de Madrid/Escritorio/exportacion.csv.
2025-06-13 14:55:02,326 - IntraScanAdmin - INFO - Sistema de logging configurado.
2025-06-13 14:55:02,718 - IntraScanAdmin - INFO - Inventario cargado desde 'hosts.json'.
2025-06-13 14:55:02,718 - IntraScanAdmin - INFO - Inventario cargado al inicio: 1 hosts.
2025-06-13 14:55:02,718 - IntraScanAdmin - INFO - GUI: Desplegable de hosts remotos actualizado.
2025-06-13 14:55:02,718 - IntraScanAdmin - INFO - Interfaz Gráfica de IntraScan & Admin iniciada.
2025-06-13 14:55:05,273 - IntraScanAdmin - INFO - GUI: Desplegable de hosts remotos actualizado.
2025-06-13 14:55:27,906 - IntraScanAdmin - INFO - GUI: MAC D4-61-37-0A-15-9C precargada para host 138.100.110.67.
2025-06-13 14:55:27,906 - IntraScanAdmin - INFO - GUI: MAC D4-61-37-0A-15-9C precargada para host 138.100.110.67.
2025-06-13 14:55:49,187 - IntraScanAdmin - INFO - GUI: Inventario actualizado en la visualización.
2025-06-13 14:55:50,243 - IntraScanAdmin - INFO - GUI: Desplegable de hosts remotos actualizado.
2025-06-13 14:55:55,378 - IntraScanAdmin - INFO - GUI: MAC D4-61-37-0A-15-9C precargada para host 138.100.110.67.
2025-06-13 14:55:55,378 - IntraScanAdmin - INFO - GUI: MAC D4-61-37-0A-15-9C precargada para host 138.100.110.67.
2025-06-13 14:55:55,390 - IntraScanAdmin - INFO - GUI: MAC D4-61-37-0A-15-9C precargada para host 138.100.110.67.
2025-06-13 14:58:30,126 - IntraScanAdmin - INFO - Sistema de logging configurado.
2025-06-13 14:58:30,500 - IntraScanAdmin - INFO - Inventario cargado desde 'hosts.json'.
2025-06-13 14:58:30,500 - IntraScanAdmin - INFO - Inventario cargado al inicio: 1 hosts.
2025-06-13 14:58:30,500 - IntraScanAdmin - INFO - GUI: Desplegable de hosts remotos actualizado.
2025-06-13 14:58:30,505 - IntraScanAdmin - INFO - Interfaz Gráfica de IntraScan & Admin iniciada.
2025-06-13 14:58:32,582 - IntraScanAdmin - INFO - GUI: Desplegable de hosts remotos actualizado.
2025-06-13 14:58:36,250 - IntraScanAdmin - INFO - GUI: MAC D4-61-37-0A-15-9C precargada para host 138.100.110.67.
2025-06-13 14:58:36,250 - IntraScanAdmin - INFO - GUI: MAC D4-61-37-0A-15-9C precargada para host 138.100.110.67.
2025-06-13 14:58:52,074 - IntraScanAdmin - INFO - GUI: Solicitando ejecución de comando para 138.100.110.67.
2025-06-13 14:58:52,074 - pypsrp.powershell - INFO - Initialising PowerShell in remote Runspace Pool
2025-06-13 14:58:52,084 - IntraScanAdmin - ERROR - GUI: Error en la ejecución del comando remoto en 138.100.110.67: Error inesperado al ejecutar comando remoto: 'WSMan' object has no attribute 'pipelines'
Traceback (most recent call last):
  File "C:\Users\Daniel\IntraScanAdmin\remote_control.py", line 309, in execute_remote_powershell_command
    powershell = PowerShell(wsman)
                 ^^^^^^^^^^^^^^^^^
  File "C:\Users\Daniel\IntraScanAdmin\Lib\site-packages\pypsrp\powershell.py", line 910, in __init__
    runspace_pool.pipelines[self.id] = self
    ^^^^^^^^^^^^^^^^^^^^^^^
AttributeError: 'WSMan' object has no attribute 'pipelines'

During handling of the above exception, another exception occurred:

Traceback (most recent call last):
  File "C:\Users\Daniel\IntraScanAdmin\gui_app.py", line 618, in _perform_remote_command_execution
    results = remote_control.execute_remote_powershell_command(target, username, password, command)
              ^^^^^^^^^^^^^^^^^^^^^^^^^^^^^^^^^^^^^^^^^^^^^^^^^^^^^^^^^^^^^^^^^^^^^^^^^^^^^^^^^^^^^
  File "C:\Users\Daniel\IntraScanAdmin\remote_control.py", line 326, in execute_remote_powershell_command
    raise RuntimeError(f"Error inesperado al ejecutar comando remoto: {e}")
RuntimeError: Error inesperado al ejecutar comando remoto: 'WSMan' object has no attribute 'pipelines'
2025-06-13 15:06:23,903 - IntraScanAdmin - INFO - Sistema de logging configurado.
2025-06-13 15:06:24,303 - IntraScanAdmin - INFO - Inventario cargado desde 'hosts.json'.
2025-06-13 15:06:24,303 - IntraScanAdmin - INFO - Inventario cargado al inicio: 1 hosts.
2025-06-13 15:06:24,303 - IntraScanAdmin - INFO - GUI: Desplegable de hosts remotos actualizado.
2025-06-13 15:06:24,316 - IntraScanAdmin - INFO - Interfaz Gráfica de IntraScan & Admin iniciada.
2025-06-13 15:06:26,653 - IntraScanAdmin - INFO - GUI: Desplegable de hosts remotos actualizado.
2025-06-13 15:06:28,786 - IntraScanAdmin - INFO - GUI: MAC D4-61-37-0A-15-9C precargada para host 138.100.110.67.
2025-06-13 15:06:28,786 - IntraScanAdmin - INFO - GUI: MAC D4-61-37-0A-15-9C precargada para host 138.100.110.67.
2025-06-13 15:06:43,782 - IntraScanAdmin - INFO - GUI: Solicitando ejecución de comando para 138.100.110.67.
2025-06-13 15:06:43,798 - IntraScanAdmin - ERROR - GUI: Error en la ejecución del comando remoto en 138.100.110.67: Error inesperado al ejecutar comando remoto: 'WSMan' object has no attribute 'execute_cmd'
Traceback (most recent call last):
  File "C:\Users\Daniel\IntraScanAdmin\remote_control.py", line 322, in execute_remote_powershell_command
    stdout, stderr, r_code = wsman.execute_cmd("powershell.exe", [command])
                             ^^^^^^^^^^^^^^^^^
AttributeError: 'WSMan' object has no attribute 'execute_cmd'

During handling of the above exception, another exception occurred:

Traceback (most recent call last):
  File "C:\Users\Daniel\IntraScanAdmin\gui_app.py", line 618, in _perform_remote_command_execution
    results = remote_control.execute_remote_powershell_command(target, username, password, command)
              ^^^^^^^^^^^^^^^^^^^^^^^^^^^^^^^^^^^^^^^^^^^^^^^^^^^^^^^^^^^^^^^^^^^^^^^^^^^^^^^^^^^^^
  File "C:\Users\Daniel\IntraScanAdmin\remote_control.py", line 338, in execute_remote_powershell_command
    raise RuntimeError(f"Error inesperado al ejecutar comando remoto: {e}")
RuntimeError: Error inesperado al ejecutar comando remoto: 'WSMan' object has no attribute 'execute_cmd'
2025-06-13 15:10:53,690 - IntraScanAdmin - INFO - Sistema de logging configurado.
2025-06-13 15:10:54,058 - IntraScanAdmin - INFO - Inventario cargado desde 'hosts.json'.
2025-06-13 15:10:54,058 - IntraScanAdmin - INFO - Inventario cargado al inicio: 1 hosts.
2025-06-13 15:10:54,058 - IntraScanAdmin - INFO - GUI: Desplegable de hosts remotos actualizado.
2025-06-13 15:10:54,058 - IntraScanAdmin - INFO - Interfaz Gráfica de IntraScan & Admin iniciada.
2025-06-13 15:10:56,576 - IntraScanAdmin - INFO - GUI: Desplegable de hosts remotos actualizado.
2025-06-13 15:10:59,883 - IntraScanAdmin - INFO - GUI: MAC D4-61-37-0A-15-9C precargada para host 138.100.110.67.
2025-06-13 15:10:59,883 - IntraScanAdmin - INFO - GUI: MAC D4-61-37-0A-15-9C precargada para host 138.100.110.67.
2025-06-13 15:11:13,810 - IntraScanAdmin - INFO - GUI: Solicitando ejecución de comando para 138.100.110.67.
2025-06-13 15:11:13,813 - IntraScanAdmin - ERROR - GUI: Error en la ejecución del comando remoto en 138.100.110.67: Error inesperado al ejecutar comando remoto: 'WSMan' object has no attribute 'execute_cmd'
Traceback (most recent call last):
  File "C:\Users\Daniel\IntraScanAdmin\remote_control.py", line 322, in execute_remote_powershell_command
    stdout, stderr, r_code = wsman.execute_cmd("powershell.exe", [command])
                             ^^^^^^^^^^^^^^^^^
AttributeError: 'WSMan' object has no attribute 'execute_cmd'

During handling of the above exception, another exception occurred:

Traceback (most recent call last):
  File "C:\Users\Daniel\IntraScanAdmin\gui_app.py", line 618, in _perform_remote_command_execution
    results = remote_control.execute_remote_powershell_command(target, username, password, command)
              ^^^^^^^^^^^^^^^^^^^^^^^^^^^^^^^^^^^^^^^^^^^^^^^^^^^^^^^^^^^^^^^^^^^^^^^^^^^^^^^^^^^^^
  File "C:\Users\Daniel\IntraScanAdmin\remote_control.py", line 338, in execute_remote_powershell_command
    raise RuntimeError(f"Error inesperado al ejecutar comando remoto: {e}")
RuntimeError: Error inesperado al ejecutar comando remoto: 'WSMan' object has no attribute 'execute_cmd'
2025-06-13 15:15:41,205 - IntraScanAdmin - INFO - Sistema de logging configurado.
2025-06-13 15:15:41,591 - IntraScanAdmin - INFO - Inventario cargado desde 'hosts.json'.
2025-06-13 15:15:41,591 - IntraScanAdmin - INFO - Inventario cargado al inicio: 1 hosts.
2025-06-13 15:15:41,591 - IntraScanAdmin - INFO - GUI: Desplegable de hosts remotos actualizado.
2025-06-13 15:15:41,600 - IntraScanAdmin - INFO - Interfaz Gráfica de IntraScan & Admin iniciada.
2025-06-13 15:15:43,711 - IntraScanAdmin - INFO - GUI: Desplegable de hosts remotos actualizado.
2025-06-13 15:15:46,520 - IntraScanAdmin - INFO - GUI: MAC D4-61-37-0A-15-9C precargada para host 138.100.110.67.
2025-06-13 15:15:46,520 - IntraScanAdmin - INFO - GUI: MAC D4-61-37-0A-15-9C precargada para host 138.100.110.67.
2025-06-13 15:16:03,179 - IntraScanAdmin - INFO - GUI: Solicitando ejecución de comando para 138.100.110.67.
2025-06-13 15:16:03,179 - pypsrp.powershell - INFO - Initialising PowerShell in remote Runspace Pool
2025-06-13 15:16:03,201 - IntraScanAdmin - ERROR - GUI: Error en la ejecución del comando remoto en 138.100.110.67: Error inesperado al ejecutar comando remoto: 'WSMan' object has no attribute 'pipelines'
Traceback (most recent call last):
  File "C:\Users\Daniel\IntraScanAdmin\remote_control.py", line 313, in execute_remote_powershell_command
    with PowerShell(wsman) as ps: # <--- ESTE ES EL CAMBIO CRÍTICO ANTERIOR
         ^^^^^^^^^^^^^^^^^
  File "C:\Users\Daniel\IntraScanAdmin\Lib\site-packages\pypsrp\powershell.py", line 910, in __init__
    runspace_pool.pipelines[self.id] = self
    ^^^^^^^^^^^^^^^^^^^^^^^
AttributeError: 'WSMan' object has no attribute 'pipelines'

During handling of the above exception, another exception occurred:

Traceback (most recent call last):
  File "C:\Users\Daniel\IntraScanAdmin\gui_app.py", line 618, in _perform_remote_command_execution
    results = remote_control.execute_remote_powershell_command(target, username, password, command)
              ^^^^^^^^^^^^^^^^^^^^^^^^^^^^^^^^^^^^^^^^^^^^^^^^^^^^^^^^^^^^^^^^^^^^^^^^^^^^^^^^^^^^^
  File "C:\Users\Daniel\IntraScanAdmin\remote_control.py", line 332, in execute_remote_powershell_command
    raise RuntimeError(f"Error inesperado al ejecutar comando remoto: {e}")
RuntimeError: Error inesperado al ejecutar comando remoto: 'WSMan' object has no attribute 'pipelines'
2025-06-13 15:24:39,128 - IntraScanAdmin - INFO - Sistema de logging configurado.
2025-06-13 15:24:39,573 - IntraScanAdmin - INFO - Inventario cargado desde 'hosts.json'.
2025-06-13 15:24:39,573 - IntraScanAdmin - INFO - Inventario cargado al inicio: 1 hosts.
2025-06-13 15:24:39,573 - IntraScanAdmin - INFO - GUI: Desplegable de hosts remotos actualizado.
2025-06-13 15:24:39,573 - IntraScanAdmin - INFO - Interfaz Gráfica de IntraScan & Admin iniciada.
2025-06-13 15:24:41,583 - IntraScanAdmin - INFO - GUI: Desplegable de hosts remotos actualizado.
2025-06-13 15:24:44,529 - IntraScanAdmin - INFO - GUI: MAC D4-61-37-0A-15-9C precargada para host 138.100.110.67.
2025-06-13 15:24:44,540 - IntraScanAdmin - INFO - GUI: MAC D4-61-37-0A-15-9C precargada para host 138.100.110.67.
2025-06-13 15:24:59,444 - IntraScanAdmin - INFO - GUI: Solicitando ejecución de comando para 138.100.110.67.
2025-06-13 15:24:59,444 - pypsrp.powershell - INFO - Initialising PowerShell in remote Runspace Pool
2025-06-13 15:24:59,460 - IntraScanAdmin - ERROR - GUI: Error en la ejecución del comando remoto en 138.100.110.67: Error inesperado al ejecutar comando remoto: 'WSMan' object has no attribute 'pipelines'
Traceback (most recent call last):
  File "C:\Users\Daniel\IntraScanAdmin\remote_control.py", line 309, in execute_remote_powershell_command
    with PowerShell(wsman) as ps:
         ^^^^^^^^^^^^^^^^^
  File "C:\Users\Daniel\IntraScanAdmin\Lib\site-packages\pypsrp\powershell.py", line 910, in __init__
    runspace_pool.pipelines[self.id] = self
    ^^^^^^^^^^^^^^^^^^^^^^^
AttributeError: 'WSMan' object has no attribute 'pipelines'

During handling of the above exception, another exception occurred:

Traceback (most recent call last):
  File "C:\Users\Daniel\IntraScanAdmin\gui_app.py", line 618, in _perform_remote_command_execution
    results = remote_control.execute_remote_powershell_command(target, username, password, command)
              ^^^^^^^^^^^^^^^^^^^^^^^^^^^^^^^^^^^^^^^^^^^^^^^^^^^^^^^^^^^^^^^^^^^^^^^^^^^^^^^^^^^^^
  File "C:\Users\Daniel\IntraScanAdmin\remote_control.py", line 325, in execute_remote_powershell_command
    raise RuntimeError(f"Error inesperado al ejecutar comando remoto: {e}")
RuntimeError: Error inesperado al ejecutar comando remoto: 'WSMan' object has no attribute 'pipelines'
